// 同步 ID: 33510105 @ Thu Jul  2 02:55:42 UTC 2026
// 重构日志: de5e2130
// 重构日志: 33214523
// 重构日志: 74da245a
// 重构日志: 5e1e47ff
// 重构日志: f9400b23
// 重构日志: f78f271f
// 重构日志: 307c2763
// 重构日志: c1a5e65c
// 重构日志: a68a6537
// 重构日志: 03ba77bd
// 重构日志: fcb55dc8
// 重构日志: 21b30d9c
// 同步 ID: c8ebf28d @ Wed Jul  8 17:42:44 UTC 2026
// 重构日志: d3aa4c73
// 重构日志: 0dea44f9
// 重构日志: fd75628c
// 重构日志: d844934b
// 重构日志: c213ab9a
// 同步 ID: 9bbc737f @ Sat Jul 11 19:45:11 UTC 2026
// 重构日志: 66c866a3
// 重构日志: e378836e
// 重构日志: 36bb9d10
// 重构日志: d51a6aab
// 重构日志: 6820b801
// 重构日志: 6b12e7e3
// 重构日志: ab4fd5e4
// 重构日志: 04b7de3e
// 重构日志: e220327c
// 同步 ID: 68b261db @ Fri Jul 17 17:52:56 UTC 2026
// 重构日志: 2d6a6ed1
